
> frontend@0.0.0 build
> vite build

[36mvite v8.0.3 [32mbuilding client environment for production...[36m[39m
[2K
transforming...Γ£ô 106 modules transformed.
node.exe : [31mΓ£ù[39m 
Build failed in 139ms
At line:1 char:1
+ & "C:\Program 
Files\nodejs/node.exe" 
"C:\Program 
Files\nodejs/node_mo ...
+ ~~~~~~~~~~~~~~~~~~~~~~~~
~~~~~~~~~~~~~~~~~~~~~~~~~~
~~~~~~~~~~~~~~~~~~~
    + CategoryInfo        
      : NotSpecified: (  
  [31mΓ£ù[39m Build fa   
 iled in 139ms:String)    
 [], RemoteException
    + FullyQualifiedError 
   Id : NativeCommandErr  
  or
 
[31merror during build:
[31mBuild failed with 2 
errors:

[31m[builtin:vite-transfo
rm] Error:[0m 
Encountered diff marker
    [38;5;246mΓò¡[0m[38
;5;246mΓöÇ[0m[38;5;246m[
[0m src/App.jsx:13:1 
[38;5;246m][0m
    [38;5;246mΓöé[0m
 [38;5;246m13 Γöé[0m 
<<<<<<<[38;5;249m [0m[3
8;5;249mH[0m[38;5;249mE
[0m[38;5;249mA[0m[38;5;
249mD[0m
 [38;5;240m   Γöé[0m 
ΓöÇΓöÇΓöÇΓö¼ΓöÇΓöÇΓöÇ  
 [38;5;240m   Γöé[0m    
Γò░ΓöÇΓöÇΓöÇΓöÇΓöÇ 
between this marker and 
`=======` is the code 
that we're merging into
 [38;5;240m   Γöé[0m 
 [38;5;246m23 Γöé[0m 
=======
 [38;5;240m   Γöé[0m 
ΓöÇΓöÇΓöÇΓö¼ΓöÇΓöÇΓöÇ  
 [38;5;240m   Γöé[0m    
Γò░ΓöÇΓöÇΓöÇΓöÇΓöÇ 
between this marker and 
`>>>>>>>` is the incoming 
code
 [38;5;240m   Γöé[0m 
 [38;5;246m25 Γöé[0m 
>>>>>>>[38;5;249m [0m[3
8;5;249mf[0m[38;5;249m1
[0m[38;5;249m0[0m[38;5;
249mc[0m[38;5;249mf[0m
[38;5;249mc[0m[38;5;249m
9[0m[38;5;249m5[0m[38;
5;249m3[0m[38;5;249mc[0
m[38;5;249md[0m[38;5;24
9ma[0m[38;5;249md[0m[3
8;5;249me[0m[38;5;249m5
[0m[38;5;249m7[0m[38;5;
249m2[0m[38;5;249m0[0m
[38;5;249ma[0m[38;5;249m
f[0m[38;5;249mf[0m[38;
5;249m3[0m[38;5;249me[0
m[38;5;249m7[0m[38;5;24
9m4[0m[38;5;249mc[0m[3
8;5;249m0[0m[38;5;249m2
[0m[38;5;249me[0m[38;5;
249m5[0m[38;5;249m2[0m
[38;5;249m8[0m[38;5;249m
5[0m[38;5;249m1[0m[38;
5;249m3[0m[38;5;249ma[0
m[38;5;249mb[0m[38;5;24
9md[0m[38;5;249m2[0m[3
8;5;249m9[0m
 [38;5;240m   Γöé[0m 
ΓöÇΓöÇΓöÇΓö¼ΓöÇΓöÇΓöÇ  
 [38;5;240m   Γöé[0m    
Γò░ΓöÇΓöÇΓöÇΓöÇΓöÇ this 
marker concludes the 
conflict region
 [38;5;240m   Γöé[0m 
 [38;5;240m   Γöé[0m 
[38;5;115mHelp[0m: 
Conflict markers indicate 
that a merge was started 
but could not be 
completed due to merge 
conflicts.
 [38;5;240m   Γöé[0m    
   To resolve a conflict, 
keep only the code you 
want and then delete the 
lines containing conflict 
markers.
 [38;5;240m   Γöé[0m    
   If you're having merge 
conflicts after pulling 
new code, the top section 
is the code you already 
had and the bottom 
section is the remote 
code.
 [38;5;240m   Γöé[0m    
   If you're in the 
middle of a rebase, the 
top section is the code 
being rebased onto and 
the bottom section is the 
code coming from the 
current commit being 
rebased.
 [38;5;240m   Γöé[0m    
   If you have nested 
conflicts, resolve the 
outermost conflict first.
[38;5;246mΓöÇΓöÇΓöÇΓöÇΓò»
[0m

[plugin @tailwindcss/vite:
generate:build] C:/VARSHIT
HREDDY/projects/SaathiLear
n/frontend/src/index.css
CssSyntaxError: Invalid 
declaration: `>>>>>>> f10c
fc953cdade5720aff3e74c02e5
28513abd29 @import 
"tailwindcss"`
    at Se (file:///C:/VARS
HITHREDDY/projects/SaathiL
earn/frontend/node_modules
/tailwindcss/dist/chunk-F4
544Y4M.mjs:1:2763)
    at yf (file:///C:/VARS
HITHREDDY/projects/SaathiL
earn/frontend/node_modules
/tailwindcss/dist/chunk-F4
544Y4M.mjs:38:1384)
    at uu (file:///C:/VARS
HITHREDDY/projects/SaathiL
earn/frontend/node_modules
/@tailwindcss/node/dist/in
dex.mjs:10:3463)
    at B.generate (file://
/C:/VARSHITHREDDY/projects
/SaathiLearn/frontend/node
_modules/@tailwindcss/vite
/dist/index.mjs:1:5242)
    at TransformPluginCont
extImpl.handler (file:///C
:/VARSHITHREDDY/projects/S
aathiLearn/frontend/node_m
odules/@tailwindcss/vite/d
ist/index.mjs:1:3965)
    at TransformPluginCont
extImpl.handler (file:///C
:/VARSHITHREDDY/projects/S
aathiLearn/frontend/node_m
odules/vite/dist/node/chun
ks/node.js:33092:13)
    at plugin (file:///C:/
VARSHITHREDDY/projects/Saa
thiLearn/frontend/node_mod
ules/rolldown/dist/shared/
bindingify-input-options-e
7ze4hPR.mjs:1129:30)
    at plugin.<computed> (
file:///C:/VARSHITHREDDY/p
rojects/SaathiLearn/fronte
nd/node_modules/rolldown/d
ist/shared/bindingify-inpu
t-options-e7ze4hPR.mjs:159
3:18)[31m
    at aggregateBindingErr
orsIntoJsError (file:///C:
/VARSHITHREDDY/projects/Sa
athiLearn/frontend/node_mo
dules/rolldown/dist/shared
/error-BLhcSyeg.mjs:48:18)
    at 
unwrapBindingResult (file:
///C:/VARSHITHREDDY/projec
ts/SaathiLearn/frontend/no
de_modules/rolldown/dist/s
hared/error-BLhcSyeg.mjs:1
8:128)
    at #build (file:///C:/
VARSHITHREDDY/projects/Saa
thiLearn/frontend/node_mod
ules/rolldown/dist/shared/
rolldown-build-CPrIX9V6.mj
s:3313:34)
    at async 
buildEnvironment (file:///
C:/VARSHITHREDDY/projects/
SaathiLearn/frontend/node_
modules/vite/dist/node/chu
nks/node.js:32849:64)
    at async Object.build 
(file:///C:/VARSHITHREDDY/
projects/SaathiLearn/front
end/node_modules/vite/dist
/node/chunks/node.js:33271
:19)
    at async 
Object.buildApp (file:///C
:/VARSHITHREDDY/projects/S
aathiLearn/frontend/node_m
odules/vite/dist/node/chun
ks/node.js:33268:153)
    at async 
CAC.<anonymous> (file:///C
:/VARSHITHREDDY/projects/S
aathiLearn/frontend/node_m
odules/vite/dist/node/cli.
js:778:3) {
  errors: [Getter/Setter]
}[39m
